// Jest Snapshot v1, https://goo.gl/fbAQLP

exports[`<Main/> should render the heading 1`] = `
.c0 {
  background-color: #06092b;
  color: #fff;
  width: 100%;
  height: 100%;
  padding: 3rem;
  text-align: center;
  display: -webkit-box;
  display: -webkit-flex;
  display: -ms-flexbox;
  display: flex;
  -webkit-flex-direction: column;
  -ms-flex-direction: column;
  flex-direction: column;
  -webkit-align-items: center;
  -webkit-box-align: center;
  -ms-flex-align: center;
  align-items: center;
  -webkit-box-pack: center;
  -webkit-justify-content: center;
  -ms-flex-pack: center;
  justify-content: center;
}

.c1 {
  width: 25rem;
  margin-bottom: 2rem;
}

.c2 {
  font-size: 2.5rem;
}

.c3 {
  font-size: 2rem;
  font-weight: 400;
}

.c4 {
  margin-top: 3rem;
  width: min(30rem,100%);
}

<main
  class="c0"
>
  <img
    alt="Foto de Murillo Godoi"
    class="c1"
    src="https://media-exp1.licdn.com/dms/image/C4D03AQElO6rIQRQ71Q/profile-displayphoto-shrink_100_100/0/1597885543585?e=1634774400&v=beta&t=v3olPT2vT4CyMIlOYIlWM89ccULQkzAAyCfD5CAwQNE"
  />
  <h1
    class="c2"
  >
    Murillo Godoi
  </h1>
  <h2
    class="c3"
  >
    Desenvolvedor Fullstack
  </h2>
  <img
    alt="Uma logo do ReactJS"
    class="c4"
    src="https://www.luiztools.com.br/wp-content/uploads/2020/06/reactJS.png"
  />
</main>
`
